

Switch>en
Switch#conf t
Enter configuration commands, one per line.  End with CNTL/Z.
%LINEPROTO-5-UPDOWN: Line protocol on Interface Vlan 1, changed state to up
Switch(config)#int fa 0/1
                   
Switch(config-if)#switchport trunk encapsulation dot1q
Switch(config-if)#switchport mode trunk
Switch(config-if)#channel-group 1 mode on
%LINK-3-UPDOWN: Interface Port-channel1, changed state to down
%LINK-3-UPDOWN: Interface Port-channel1, changed state to up
%LINEPROTO-5-UPDOWN: Line protocol on Interface Port-channel1, changed state to up
Switch(config-if)#end
Switch#conf t
Enter configuration commands, one per line.  End with CNTL/Z.
Switch(config)#int fa 0/2
Switch(config-if)#switchport trunk encapsulation dot1q 
Switch(config-if)#switch mode trunk 

Switch(config-if)#channel-group 1 mode on

Switch(config-if)#channel-group 1 mode ?
active                  Enable LACP unconditionally
auto                    Enable PAgP only if a PAgP device is detected
desirable               Enable PAgP unconditionally
on                      Enable Etherchannel only
passive                 Enable LACP only if a LACP device is detected
Switch(config-if)#end
Switch#show entherchannel 1 detail
             ^


Switch#show etherchannel 1 ?
brief                   brief
Switch#show etherchannel 1 brief
Switch#show etherchannel ?
<1-6>                   Channel group number
brief                   brief
load-balance            Load-balance/frame-distribution scheme among ports in port-channel
port                    Port information
port-channel            Port-channel information
summary                 One-line summary per channel-group


Switch#show int port-channel 1
Port-channel1 is up, line protocol is up
  Hardware is EtherChannel, address is 000C.4198.5973 (bia 000C.4198.5973)
  MTU 1500 bytes, BW 200000 Kbit, DLY 100 usec,
     reliability 255/255, txload 1/255, rxload 1/255
  Auto-duplex, Auto-speed
  Encapsulation ARPA, loopback not set
  ARP type: ARPA, ARP Timeout 04:00:00
  Last input 02:29:44, output never, output hang never
  Last clearing of "show interface" counters never
  Input queue: 0/75/0/0 (size/max/drops/flushes); Total output drops: 0
  Queuing strategy: fifo
  Output queue :0/40 (size/max)
  5 minute input rate 0 bits/sec, 0 packets/sec
  5 minute output rate 0 bits/sec, 0 packets/sec
     269 packets input, 71059 bytes, 0 no buffer
     Received 6 broadcasts, 0 runts, 0 giants, 0 throttles
     0 input errors, 0 CRC, 0 frame, 0 overrun, 0 ignored
     7290 packets output, 429075 bytes, 0 underruns
     0 output errors, 3 interface resets
     0 output buffer failures, 0 output buffers swapped out




Switch>en
Switch#conf t
Enter configuration commands, one per line.  End with CNTL/Z.

Switch(config)#int range fa 0/1-2
Switch(config-if-range)#switchport trunk encapsulation dot1q 
Switch(config-if-range)#switchport mode trunk
Switch(config-if-range)#channel-group 1 mode on
%LINK-3-UPDOWN: Interface Port-channel1, changed state to down
%LINK-3-UPDOWN: Interface Port-channel1, changed state to up
%LINEPROTO-5-UPDOWN: Line protocol on Interface Port-channel1, changed state to up
Switch(config-if-range)#end
Switch#

Switch#show int port-channel 1
Port-channel1 is up, line protocol is up
  Hardware is EtherChannel, address is 000C.6542.9093 (bia 000C.6542.9093)
  MTU 1500 bytes, BW 200000 Kbit, DLY 100 usec,
     reliability 255/255, txload 1/255, rxload 1/255
  Auto-duplex, Auto-speed
  Encapsulation ARPA, loopback not set
  ARP type: ARPA, ARP Timeout 04:00:00
  Last input 02:29:44, output never, output hang never
  Last clearing of "show interface" counters never
  Input queue: 0/75/0/0 (size/max/drops/flushes); Total output drops: 0
  Queuing strategy: fifo
  Output queue :0/40 (size/max)
  5 minute input rate 0 bits/sec, 0 packets/sec
  5 minute output rate 0 bits/sec, 0 packets/sec
     269 packets input, 71059 bytes, 0 no buffer
     Received 6 broadcasts, 0 runts, 0 giants, 0 throttles
     0 input errors, 0 CRC, 0 frame, 0 overrun, 0 ignored
     7290 packets output, 429075 bytes, 0 underruns
     0 output errors, 3 interface resets
     0 output buffer failures, 0 output buffers swapped out

Switch#show etherchannel 1 detail
                                 ^
% Invalid input detected at '^' marker.

